<testsuites id="" name="" tests="6" failures="0" skipped="0" errors="0" time="4.271197">
<testsuite name="graphql\tests\post.spec.ts" timestamp="2025-10-22T05:12:15.632Z" hostname="" tests="1" failures="0" skipped="0" time="1.462" errors="0">
<testcase name="create new post" classname="graphql\tests\post.spec.ts" time="1.462">
<system-out>
<![CDATA[GraphQL Response: {
  data: {
    createPost: {
      id: [32m'101'[39m,
      title: [32m'Hi GraphQL'[39m,
      body: [32m'Testing mutation with Playwright'[39m
    }
  }
}
]]>
</system-out>
</testcase>
</testsuite>
<testsuite name="graphql\tests\user.spec.ts" timestamp="2025-10-22T05:12:15.632Z" hostname="" tests="1" failures="0" skipped="0" time="1.512" errors="0">
<testcase name="fetch user by ID" classname="graphql\tests\user.spec.ts" time="1.512">
<system-out>
<![CDATA[{
  data: {
    user: {
      id: [32m'1'[39m,
      name: [32m'Leanne Graham'[39m,
      username: [32m'Bret'[39m,
      email: [32m'Sincere@april.biz'[39m,
      phone: [32m'1-770-736-8031 x56442'[39m,
      website: [32m'hildegard.org'[39m
    }
  }
}
]]>
</system-out>
</testcase>
</testsuite>
<testsuite name="rest\tests\deleteRequest.spec.ts" timestamp="2025-10-22T05:12:15.632Z" hostname="" tests="1" failures="0" skipped="0" time="0.957" errors="0">
<testcase name="DELETE user" classname="rest\tests\deleteRequest.spec.ts" time="0.957">
</testcase>
</testsuite>
<testsuite name="rest\tests\getRequest.spec.ts" timestamp="2025-10-22T05:12:15.632Z" hostname="" tests="1" failures="0" skipped="0" time="0.813" errors="0">
<testcase name="Get users" classname="rest\tests\getRequest.spec.ts" time="0.813">
<system-out>
<![CDATA[{
  page: [33m2[39m,
  per_page: [33m6[39m,
  total: [33m12[39m,
  total_pages: [33m2[39m,
  data: [
    {
      id: [33m7[39m,
      email: [32m'michael.lawson@reqres.in'[39m,
      first_name: [32m'Michael'[39m,
      last_name: [32m'Lawson'[39m,
      avatar: [32m'https://reqres.in/img/faces/7-image.jpg'[39m
    },
    {
      id: [33m8[39m,
      email: [32m'lindsay.ferguson@reqres.in'[39m,
      first_name: [32m'Lindsay'[39m,
      last_name: [32m'Ferguson'[39m,
      avatar: [32m'https://reqres.in/img/faces/8-image.jpg'[39m
    },
    {
      id: [33m9[39m,
      email: [32m'tobias.funke@reqres.in'[39m,
      first_name: [32m'Tobias'[39m,
      last_name: [32m'Funke'[39m,
      avatar: [32m'https://reqres.in/img/faces/9-image.jpg'[39m
    },
    {
      id: [33m10[39m,
      email: [32m'byron.fields@reqres.in'[39m,
      first_name: [32m'Byron'[39m,
      last_name: [32m'Fields'[39m,
      avatar: [32m'https://reqres.in/img/faces/10-image.jpg'[39m
    },
    {
      id: [33m11[39m,
      email: [32m'george.edwards@reqres.in'[39m,
      first_name: [32m'George'[39m,
      last_name: [32m'Edwards'[39m,
      avatar: [32m'https://reqres.in/img/faces/11-image.jpg'[39m
    },
    {
      id: [33m12[39m,
      email: [32m'rachel.howell@reqres.in'[39m,
      first_name: [32m'Rachel'[39m,
      last_name: [32m'Howell'[39m,
      avatar: [32m'https://reqres.in/img/faces/12-image.jpg'[39m
    }
  ],
  support: {
    url: [32m'https://contentcaddy.io?utm_source=reqres&utm_medium=json&utm_campaign=referral'[39m,
    text: [32m'Tired of writing endless social media content? Let Content Caddy generate it for you.'[39m
  },
  _meta: {
    powered_by: [32m'🚀 ReqRes - Deploy backends in 30 seconds'[39m,
    upgrade_url: [32m'https://app.reqres.in/upgrade'[39m,
    docs_url: [32m'https://reqres.in'[39m,
    template_gallery: [32m'https://app.reqres.in/templates'[39m,
    message: [32m'This API is powered by ReqRes. Deploy your own backend in 30 seconds!'[39m,
    features: [
      [32m'30 Second Backend Templates'[39m,
      [32m'Custom API Endpoints'[39m,
      [32m'Data Persistence'[39m,
      [32m'Real-time Analytics'[39m
    ],
    upgrade_cta: [32m'Upgrade to Pro for unlimited requests, custom endpoints, and data persistence'[39m
  }
}
]]>
</system-out>
</testcase>
</testsuite>
<testsuite name="rest\tests\postRequest.spec.ts" timestamp="2025-10-22T05:12:15.632Z" hostname="" tests="1" failures="0" skipped="0" time="0.41" errors="0">
<testcase name="create user" classname="rest\tests\postRequest.spec.ts" time="0.41">
<system-out>
<![CDATA[{
  name: [32m'Tom'[39m,
  job: [32m'QE'[39m,
  age: [32m'24'[39m,
  id: [32m'129'[39m,
  createdAt: [32m'2025-10-22T05:12:19.156Z'[39m
}
]]>
</system-out>
</testcase>
</testsuite>
<testsuite name="rest\tests\putRequest.spec.ts" timestamp="2025-10-22T05:12:15.632Z" hostname="" tests="1" failures="0" skipped="0" time="0.693" errors="0">
<testcase name="Update user" classname="rest\tests\putRequest.spec.ts" time="0.693">
<system-out>
<![CDATA[{ name: [32m'Ben'[39m, job: [32m'HR'[39m, updatedAt: [32m'2025-10-22T05:12:19.589Z'[39m }
]]>
</system-out>
</testcase>
</testsuite>
</testsuites>